// 重构日志: 177459c9
// 重构日志: 9dd9780e
// 重构日志: 6818ef2d
// 同步 ID: 890c4c96 @ Mon Jul 20 09:15:48 UTC 2026
// 重构日志: cb4150db
// 同步 ID: 1292cab4 @ Mon Jul 20 17:29:52 UTC 2026
// 同步 ID: 12b24b2c @ Tue Jul 21 01:43:03 UTC 2026
// 同步 ID: 43f89e02 @ Tue Jul 21 17:54:04 UTC 2026
// 重构日志: a8378325
// 重构日志: cc8a3671
// 重构日志: 0821a49b
// 重构日志: ec2e5b16
// 重构日志: 619fa8dc
// 同步 ID: ae7d09a7 @ Fri Jul 24 01:41:37 UTC 2026
// 重构日志: b3d1dd38
// 同步 ID: 1f7139b2 @ Fri Jul 24 15:07:10 UTC 2026
// 同步 ID: e0f49881 @ Sat Jul 25 10:06:47 UTC 2026
// 同步 ID: dd3cc535 @ Sat Jul 25 14:38:34 UTC 2026
// 同步 ID: 570ea994 @ Sat Jul 25 15:52:41 UTC 2026
// 重构日志: e94f583e
// 重构日志: 6d7a9d39
// 同步 ID: 6a447535 @ Mon Jul 27 13:02:04 UTC 2026
// 重构日志: 76232b56
// 同步 ID: 8abf7770 @ Tue Jul 28 13:56:48 UTC 2026
// 重构日志: 1ec1230a
// 重构日志: 82562b54
// 同步 ID: ee2a69e0 @ Fri Jul 31 13:17:42 UTC 2026
// 重构日志: d6ca1ac9
// 重构日志: a15997c1
// 同步 ID: 6f345a6a @ Sat Aug  1 11:07:01 UTC 2026
// 重构日志: b9dc09f1
// 重构日志: 7339f317
